{
  "Entries": [
    {
      "RequestUri": "/subscriptions/1d16f9b3-bbe3-48d4-930a-27a74dca003b/providers/Microsoft.StorageSync?api-version=2016-09-01",
      "EncodedRequestUri": "L3N1YnNjcmlwdGlvbnMvMWQxNmY5YjMtYmJlMy00OGQ0LTkzMGEtMjdhNzRkY2EwMDNiL3Byb3ZpZGVycy9NaWNyb3NvZnQuU3RvcmFnZVN5bmM/YXBpLXZlcnNpb249MjAxNi0wOS0wMQ==",
      "RequestMethod": "GET",
      "RequestBody": "",
      "RequestHeaders": {
        "x-ms-client-request-id": [
          "1d0ffdce-ccbe-4a28-bdbd-a4604c4a2ac3"
        ],
        "accept-language": [
          "en-US"
        ],
        "User-Agent": [
          "FxVersion/4.7.3221.0",
          "OSName/WindowsServer2016Datacenter",
          "OSVersion/6.3.14393",
          "Microsoft.Azure.Management.Internal.Resources.ResourceManagementClient/4.1.0"
        ]
      },
      "ResponseBody": "{\r\n  \"id\": \"/subscriptions/1d16f9b3-bbe3-48d4-930a-27a74dca003b/providers/Microsoft.StorageSync\",\r\n  \"namespace\": \"Microsoft.StorageSync\",\r\n  \"authorizations\": [\r\n    {\r\n      \"applicationId\": \"9469b9f5-6722-4481-a2b2-14ed560b706f\"\r\n    }\r\n  ],\r\n  \"resourceTypes\": [\r\n    {\r\n      \"resourceType\": \"storageSyncServices\",\r\n      \"locations\": [\r\n        \"West US\",\r\n        \"West Europe\",\r\n        \"North Europe\",\r\n        \"Southeast Asia\",\r\n        \"East Asia\",\r\n        \"Australia East\",\r\n        \"Australia Southeast\",\r\n        \"East US\",\r\n        \"Canada Central\",\r\n        \"Canada East\",\r\n        \"Central US\",\r\n        \"East US 2\",\r\n        \"UK South\",\r\n        \"UK West\",\r\n        \"Central India\",\r\n        \"South India\",\r\n        \"West Central US\",\r\n        \"Central US EUAP\",\r\n        \"West US 2\",\r\n        \"East US 2 EUAP\"\r\n      ],\r\n      \"apiVersions\": [\r\n        \"2018-04-02\",\r\n        \"2018-01-01-preview\",\r\n        \"2017-06-05-preview\"\r\n      ],\r\n      \"capabilities\": \"CrossResourceGroupResourceMove, CrossSubscriptionResourceMove\"\r\n    },\r\n    {\r\n      \"resourceType\": \"storageSyncServices/syncGroups\",\r\n      \"locations\": [\r\n        \"West US\",\r\n        \"West Europe\",\r\n        \"North Europe\",\r\n        \"Southeast Asia\",\r\n        \"East Asia\",\r\n        \"Australia East\",\r\n        \"Australia Southeast\",\r\n        \"East US\",\r\n        \"Canada Central\",\r\n        \"Canada East\",\r\n        \"Central US\",\r\n        \"East US 2\",\r\n        \"UK South\",\r\n        \"UK West\",\r\n        \"Central India\",\r\n        \"South India\",\r\n        \"West Central US\",\r\n        \"Central US EUAP\",\r\n        \"West US 2\",\r\n        \"East US 2 EUAP\"\r\n      ],\r\n      \"apiVersions\": [\r\n        \"2018-04-02\",\r\n        \"2018-01-01-preview\",\r\n        \"2017-06-05-preview\"\r\n      ]\r\n    },\r\n    {\r\n      \"resourceType\": \"storageSyncServices/syncGroups/cloudEndpoints\",\r\n      \"locations\": [\r\n        \"West US\",\r\n        \"West Europe\",\r\n        \"North Europe\",\r\n        \"Southeast Asia\",\r\n        \"East Asia\",\r\n        \"Australia East\",\r\n        \"Australia Southeast\",\r\n        \"East US\",\r\n        \"Canada Central\",\r\n        \"Canada East\",\r\n        \"Central US\",\r\n        \"East US 2\",\r\n        \"UK South\",\r\n        \"UK West\",\r\n        \"Central India\",\r\n        \"South India\",\r\n        \"West Central US\",\r\n        \"Central US EUAP\",\r\n        \"West US 2\",\r\n        \"East US 2 EUAP\"\r\n      ],\r\n      \"apiVersions\": [\r\n        \"2018-04-02\",\r\n        \"2018-01-01-preview\",\r\n        \"2017-06-05-preview\"\r\n      ]\r\n    },\r\n    {\r\n      \"resourceType\": \"storageSyncServices/syncGroups/serverEndpoints\",\r\n      \"locations\": [\r\n        \"West US\",\r\n        \"West Europe\",\r\n        \"North Europe\",\r\n        \"Southeast Asia\",\r\n        \"East Asia\",\r\n        \"Australia East\",\r\n        \"Australia Southeast\",\r\n        \"East US\",\r\n        \"Canada Central\",\r\n        \"Canada East\",\r\n        \"Central US\",\r\n        \"East US 2\",\r\n        \"UK South\",\r\n        \"UK West\",\r\n        \"Central India\",\r\n        \"South India\",\r\n        \"West Central US\",\r\n        \"Central US EUAP\",\r\n        \"West US 2\",\r\n        \"East US 2 EUAP\"\r\n      ],\r\n      \"apiVersions\": [\r\n        \"2018-04-02\",\r\n        \"2018-01-01-preview\",\r\n        \"2017-06-05-preview\"\r\n      ]\r\n    },\r\n    {\r\n      \"resourceType\": \"storageSyncServices/registeredServers\",\r\n      \"locations\": [\r\n        \"West US\",\r\n        \"West Europe\",\r\n        \"North Europe\",\r\n        \"Southeast Asia\",\r\n        \"East Asia\",\r\n        \"Australia East\",\r\n        \"Australia Southeast\",\r\n        \"East US\",\r\n        \"Canada Central\",\r\n        \"Canada East\",\r\n        \"Central US\",\r\n        \"East US 2\",\r\n        \"UK South\",\r\n        \"UK West\",\r\n        \"Central India\",\r\n        \"South India\",\r\n        \"West Central US\",\r\n        \"Central US EUAP\",\r\n        \"West US 2\",\r\n        \"East US 2 EUAP\"\r\n      ],\r\n      \"apiVersions\": [\r\n        \"2018-04-02\",\r\n        \"2018-01-01-preview\",\r\n        \"2017-06-05-preview\"\r\n      ]\r\n    },\r\n    {\r\n      \"resourceType\": \"storageSyncServices/workflows\",\r\n      \"locations\": [\r\n        \"West US\",\r\n        \"West Europe\",\r\n        \"North Europe\",\r\n        \"Southeast Asia\",\r\n        \"East Asia\",\r\n        \"Australia East\",\r\n        \"Australia Southeast\",\r\n        \"East US\",\r\n        \"Canada Central\",\r\n        \"Canada East\",\r\n        \"Central US\",\r\n        \"East US 2\",\r\n        \"UK South\",\r\n        \"UK West\",\r\n        \"Central India\",\r\n        \"South India\",\r\n        \"West Central US\",\r\n        \"Central US EUAP\",\r\n        \"West US 2\",\r\n        \"East US 2 EUAP\"\r\n      ],\r\n      \"apiVersions\": [\r\n        \"2018-04-02\",\r\n        \"2018-01-01-preview\",\r\n        \"2017-06-05-preview\"\r\n      ]\r\n    },\r\n    {\r\n      \"resourceType\": \"operations\",\r\n      \"locations\": [],\r\n      \"apiVersions\": [\r\n        \"2018-04-02\",\r\n        \"2018-01-01-preview\",\r\n        \"2017-06-05-preview\"\r\n      ]\r\n    },\r\n    {\r\n      \"resourceType\": \"locations\",\r\n      \"locations\": [],\r\n      \"apiVersions\": [\r\n        \"2018-04-02\"\r\n      ]\r\n    },\r\n    {\r\n      \"resourceType\": \"locations/checkNameAvailability\",\r\n      \"locations\": [\r\n        \"West US\",\r\n        \"West Europe\",\r\n        \"North Europe\",\r\n        \"Southeast Asia\",\r\n        \"East Asia\",\r\n        \"Australia East\",\r\n        \"Australia Southeast\",\r\n        \"East US\",\r\n        \"Canada Central\",\r\n        \"Canada East\",\r\n        \"Central US\",\r\n        \"East US 2\",\r\n        \"UK South\",\r\n        \"UK West\",\r\n        \"Central India\",\r\n        \"South India\",\r\n        \"West Central US\",\r\n        \"West US 2\",\r\n        \"Central US EUAP\",\r\n        \"East US 2 EUAP\"\r\n      ],\r\n      \"apiVersions\": [\r\n        \"2018-04-02\"\r\n      ]\r\n    },\r\n    {\r\n      \"resourceType\": \"locations/workflows\",\r\n      \"locations\": [\r\n        \"West US\",\r\n        \"West Europe\",\r\n        \"North Europe\",\r\n        \"Southeast Asia\",\r\n        \"East Asia\",\r\n        \"Australia East\",\r\n        \"Australia Southeast\",\r\n        \"East US\",\r\n        \"Canada Central\",\r\n        \"Canada East\",\r\n        \"Central US\",\r\n        \"East US 2\",\r\n        \"UK South\",\r\n        \"UK West\",\r\n        \"Central India\",\r\n        \"South India\",\r\n        \"West Central US\",\r\n        \"West US 2\",\r\n        \"Central US EUAP\",\r\n        \"East US 2 EUAP\"\r\n      ],\r\n      \"apiVersions\": [\r\n        \"2018-04-02\"\r\n      ]\r\n    }\r\n  ],\r\n  \"registrationState\": \"Registered\"\r\n}",
      "ResponseHeaders": {
        "Content-Length": [
          "3847"
        ],
        "Content-Type": [
          "application/json; charset=utf-8"
        ],
        "Expires": [
          "-1"
        ],
        "Pragma": [
          "no-cache"
        ],
        "x-ms-ratelimit-remaining-subscription-reads": [
          "11999"
        ],
        "x-ms-request-id": [
          "52450463-632c-48d4-a311-65f106e40f22"
        ],
        "x-ms-correlation-request-id": [
          "52450463-632c-48d4-a311-65f106e40f22"
        ],
        "x-ms-routing-request-id": [
          "WESTUS2:20181024T180810Z:52450463-632c-48d4-a311-65f106e40f22"
        ],
        "Strict-Transport-Security": [
          "max-age=31536000; includeSubDomains"
        ],
        "X-Content-Type-Options": [
          "nosniff"
        ],
        "Cache-Control": [
          "no-cache"
        ],
        "Date": [
          "Wed, 24 Oct 2018 18:08:09 GMT"
        ]
      },
      "StatusCode": 200
    },
    {
      "RequestUri": "/subscriptions/1d16f9b3-bbe3-48d4-930a-27a74dca003b/resourcegroups/pstestrg5253?api-version=2016-09-01",
      "EncodedRequestUri": "L3N1YnNjcmlwdGlvbnMvMWQxNmY5YjMtYmJlMy00OGQ0LTkzMGEtMjdhNzRkY2EwMDNiL3Jlc291cmNlZ3JvdXBzL3BzdGVzdHJnNTI1Mz9hcGktdmVyc2lvbj0yMDE2LTA5LTAx",
      "RequestMethod": "PUT",
      "RequestBody": "{\r\n  \"location\": \"West Central US\"\r\n}",
      "RequestHeaders": {
        "Content-Type": [
          "application/json; charset=utf-8"
        ],
        "Content-Length": [
          "37"
        ],
        "x-ms-client-request-id": [
          "cd229282-c75e-47ad-aeeb-821068c84e45"
        ],
        "accept-language": [
          "en-US"
        ],
        "User-Agent": [
          "FxVersion/4.7.3221.0",
          "OSName/WindowsServer2016Datacenter",
          "OSVersion/6.3.14393",
          "Microsoft.Azure.Management.Internal.Resources.ResourceManagementClient/4.1.0"
        ]
      },
      "ResponseBody": "{\r\n  \"id\": \"/subscriptions/1d16f9b3-bbe3-48d4-930a-27a74dca003b/resourceGroups/pstestrg5253\",\r\n  \"name\": \"pstestrg5253\",\r\n  \"location\": \"westcentralus\",\r\n  \"properties\": {\r\n    \"provisioningState\": \"Succeeded\"\r\n  }\r\n}",
      "ResponseHeaders": {
        "Content-Length": [
          "184"
        ],
        "Content-Type": [
          "application/json; charset=utf-8"
        ],
        "Expires": [
          "-1"
        ],
        "Pragma": [
          "no-cache"
        ],
        "x-ms-ratelimit-remaining-subscription-writes": [
          "1199"
        ],
        "x-ms-request-id": [
          "a71384ae-53e9-4fa1-887a-1c0cd51b5d55"
        ],
        "x-ms-correlation-request-id": [
          "a71384ae-53e9-4fa1-887a-1c0cd51b5d55"
        ],
        "x-ms-routing-request-id": [
          "WESTUS2:20181024T180811Z:a71384ae-53e9-4fa1-887a-1c0cd51b5d55"
        ],
        "Strict-Transport-Security": [
          "max-age=31536000; includeSubDomains"
        ],
        "X-Content-Type-Options": [
          "nosniff"
        ],
        "Cache-Control": [
          "no-cache"
        ],
        "Date": [
          "Wed, 24 Oct 2018 18:08:10 GMT"
        ]
      },
      "StatusCode": 201
    },
    {
      "RequestUri": "/subscriptions/1d16f9b3-bbe3-48d4-930a-27a74dca003b/providers/Microsoft.StorageSync/locations/WestCentralUS/checkNameAvailability?api-version=2018-07-01",
      "EncodedRequestUri": "L3N1YnNjcmlwdGlvbnMvMWQxNmY5YjMtYmJlMy00OGQ0LTkzMGEtMjdhNzRkY2EwMDNiL3Byb3ZpZGVycy9NaWNyb3NvZnQuU3RvcmFnZVN5bmMvbG9jYXRpb25zL1dlc3RDZW50cmFsVVMvY2hlY2tOYW1lQXZhaWxhYmlsaXR5P2FwaS12ZXJzaW9uPTIwMTgtMDctMDE=",
      "RequestMethod": "POST",
      "RequestBody": "{\r\n  \"name\": \"pstestrg9596\",\r\n  \"type\": \"Microsoft.StorageSync/storageSyncServices\"\r\n}",
      "RequestHeaders": {
        "Content-Type": [
          "application/json; charset=utf-8"
        ],
        "Content-Length": [
          "86"
        ],
        "x-ms-client-request-id": [
          "43d95ddf-d315-4ae4-b46d-c16fc0453b09"
        ],
        "accept-language": [
          "en-US"
        ],
        "User-Agent": [
          "FxVersion/4.7.3221.0",
          "OSName/WindowsServer2016Datacenter",
          "OSVersion/6.3.14393",
          "Microsoft.Azure.Management.StorageSync.StorageSyncManagementClient/2.0.0"
        ]
      },
      "ResponseBody": "{\r\n  \"nameAvailable\": true,\r\n  \"reason\": null,\r\n  \"message\": null\r\n}",
      "ResponseHeaders": {
        "Content-Length": [
          "51"
        ],
        "Content-Type": [
          "application/json; charset=utf-8"
        ],
        "Expires": [
          "-1"
        ],
        "Pragma": [
          "no-cache"
        ],
        "x-ms-request-id": [
          "d2fdd16a-4aa9-4bda-b60b-e33b8670869b"
        ],
        "X-Content-Type-Options": [
          "nosniff"
        ],
        "Strict-Transport-Security": [
          "max-age=31536000; includeSubDomains"
        ],
        "x-ms-ratelimit-remaining-subscription-writes": [
          "1199"
        ],
        "x-ms-correlation-request-id": [
          "9fc64873-6d8f-4373-9ee5-354e955c5f84"
        ],
        "x-ms-routing-request-id": [
          "WESTUS2:20181024T180812Z:9fc64873-6d8f-4373-9ee5-354e955c5f84"
        ],
        "Cache-Control": [
          "no-cache"
        ],
        "Date": [
          "Wed, 24 Oct 2018 18:08:11 GMT"
        ],
        "Server": [
          "Microsoft-IIS/10.0"
        ],
        "X-AspNet-Version": [
          "4.0.30319"
        ],
        "X-Powered-By": [
          "ASP.NET"
        ]
      },
      "StatusCode": 200
    },
    {
      "RequestUri": "/subscriptions/1d16f9b3-bbe3-48d4-930a-27a74dca003b/resourceGroups/pstestrg5253/providers/Microsoft.StorageSync/storageSyncServices/pstestrg9596?api-version=2018-07-01",
      "EncodedRequestUri": "L3N1YnNjcmlwdGlvbnMvMWQxNmY5YjMtYmJlMy00OGQ0LTkzMGEtMjdhNzRkY2EwMDNiL3Jlc291cmNlR3JvdXBzL3BzdGVzdHJnNTI1My9wcm92aWRlcnMvTWljcm9zb2Z0LlN0b3JhZ2VTeW5jL3N0b3JhZ2VTeW5jU2VydmljZXMvcHN0ZXN0cmc5NTk2P2FwaS12ZXJzaW9uPTIwMTgtMDctMDE=",
      "RequestMethod": "PUT",
      "RequestBody": "{\r\n  \"location\": \"West Central US\",\r\n  \"tags\": {}\r\n}",
      "RequestHeaders": {
        "Content-Type": [
          "application/json; charset=utf-8"
        ],
        "Content-Length": [
          "52"
        ],
        "x-ms-client-request-id": [
          "7c75dfd5-cea6-4437-aa2b-7db619e448b7"
        ],
        "accept-language": [
          "en-US"
        ],
        "User-Agent": [
          "FxVersion/4.7.3221.0",
          "OSName/WindowsServer2016Datacenter",
          "OSVersion/6.3.14393",
          "Microsoft.Azure.Management.StorageSync.StorageSyncManagementClient/2.0.0"
        ]
      },
      "ResponseBody": "{\r\n  \"properties\": {\r\n    \"storageSyncServiceStatus\": null,\r\n    \"storageSyncServiceUid\": \"00000000-0000-0000-0000-000000000000\"\r\n  },\r\n  \"location\": \"West Central US\",\r\n  \"tags\": {},\r\n  \"id\": \"/subscriptions/1d16f9b3-bbe3-48d4-930a-27a74dca003b/resourceGroups/pstestrg5253/providers/microsoft.storagesync/storageSyncServices/pstestrg9596\",\r\n  \"name\": \"pstestrg9596\",\r\n  \"type\": \"microsoft.storagesync/storageSyncServices\"\r\n}",
      "ResponseHeaders": {
        "Content-Length": [
          "375"
        ],
        "Content-Type": [
          "application/json; charset=utf-8"
        ],
        "Expires": [
          "-1"
        ],
        "Pragma": [
          "no-cache"
        ],
        "x-ms-request-id": [
          "34ce5096-5494-456e-a49d-834619fcd000"
        ],
        "X-Content-Type-Options": [
          "nosniff"
        ],
        "Strict-Transport-Security": [
          "max-age=31536000; includeSubDomains"
        ],
        "x-ms-ratelimit-remaining-subscription-writes": [
          "1198"
        ],
        "x-ms-correlation-request-id": [
          "9f46cd64-383e-4818-ad73-14f172e2d249"
        ],
        "x-ms-routing-request-id": [
          "WESTUS2:20181024T180813Z:9f46cd64-383e-4818-ad73-14f172e2d249"
        ],
        "Cache-Control": [
          "no-cache"
        ],
        "Date": [
          "Wed, 24 Oct 2018 18:08:12 GMT"
        ],
        "Server": [
          "Microsoft-IIS/10.0"
        ],
        "X-AspNet-Version": [
          "4.0.30319"
        ],
        "X-Powered-By": [
          "ASP.NET"
        ]
      },
      "StatusCode": 200
    },
    {
      "RequestUri": "/subscriptions/1d16f9b3-bbe3-48d4-930a-27a74dca003b/resourceGroups/pstestrg5253/providers/Microsoft.StorageSync/storageSyncServices/pstestrg9596/syncGroups/pstestrg254?api-version=2018-07-01",
      "EncodedRequestUri": "L3N1YnNjcmlwdGlvbnMvMWQxNmY5YjMtYmJlMy00OGQ0LTkzMGEtMjdhNzRkY2EwMDNiL3Jlc291cmNlR3JvdXBzL3BzdGVzdHJnNTI1My9wcm92aWRlcnMvTWljcm9zb2Z0LlN0b3JhZ2VTeW5jL3N0b3JhZ2VTeW5jU2VydmljZXMvcHN0ZXN0cmc5NTk2L3N5bmNHcm91cHMvcHN0ZXN0cmcyNTQ/YXBpLXZlcnNpb249MjAxOC0wNy0wMQ==",
      "RequestMethod": "PUT",
      "RequestBody": "{\r\n  \"properties\": {}\r\n}",
      "RequestHeaders": {
        "Content-Type": [
          "application/json; charset=utf-8"
        ],
        "Content-Length": [
          "24"
        ],
        "x-ms-client-request-id": [
          "578be670-288e-4666-93ac-5fc84d763933"
        ],
        "accept-language": [
          "en-US"
        ],
        "User-Agent": [
          "FxVersion/4.7.3221.0",
          "OSName/WindowsServer2016Datacenter",
          "OSVersion/6.3.14393",
          "Microsoft.Azure.Management.StorageSync.StorageSyncManagementClient/2.0.0"
        ]
      },
      "ResponseBody": "{\r\n  \"properties\": {\r\n    \"syncGroupStatus\": null,\r\n    \"uniqueId\": \"851b96ed-e079-4b1f-a301-259034008245\"\r\n  },\r\n  \"id\": \"/subscriptions/1d16f9b3-bbe3-48d4-930a-27a74dca003b/resourceGroups/pstestrg5253/providers/microsoft.storagesync/storageSyncServices/pstestrg9596/syncGroups/pstestrg254\",\r\n  \"name\": \"pstestrg254\",\r\n  \"type\": \"microsoft.storagesync/storageSyncServices/syncGroups\"\r\n}",
      "ResponseHeaders": {
        "Content-Length": [
          "347"
        ],
        "Content-Type": [
          "application/json; charset=utf-8"
        ],
        "Expires": [
          "-1"
        ],
        "Pragma": [
          "no-cache"
        ],
        "x-ms-request-id": [
          "041f84e3-435e-42c6-babf-1b0d6ee39a54"
        ],
        "X-Content-Type-Options": [
          "nosniff"
        ],
        "Strict-Transport-Security": [
          "max-age=31536000; includeSubDomains"
        ],
        "x-ms-ratelimit-remaining-subscription-writes": [
          "1197"
        ],
        "x-ms-correlation-request-id": [
          "6b400c10-09a0-459d-8a1c-58e1f842a738"
        ],
        "x-ms-routing-request-id": [
          "WESTUS2:20181024T180814Z:6b400c10-09a0-459d-8a1c-58e1f842a738"
        ],
        "Cache-Control": [
          "no-cache"
        ],
        "Date": [
          "Wed, 24 Oct 2018 18:08:13 GMT"
        ],
        "Server": [
          "Microsoft-IIS/10.0"
        ],
        "X-AspNet-Version": [
          "4.0.30319"
        ],
        "X-Powered-By": [
          "ASP.NET"
        ]
      },
      "StatusCode": 200
    },
    {
      "RequestUri": "/subscriptions/1d16f9b3-bbe3-48d4-930a-27a74dca003b/resourceGroups/pstestrg5253/providers/Microsoft.StorageSync/storageSyncServices/pstestrg9596/syncGroups?api-version=2018-07-01",
      "EncodedRequestUri": "L3N1YnNjcmlwdGlvbnMvMWQxNmY5YjMtYmJlMy00OGQ0LTkzMGEtMjdhNzRkY2EwMDNiL3Jlc291cmNlR3JvdXBzL3BzdGVzdHJnNTI1My9wcm92aWRlcnMvTWljcm9zb2Z0LlN0b3JhZ2VTeW5jL3N0b3JhZ2VTeW5jU2VydmljZXMvcHN0ZXN0cmc5NTk2L3N5bmNHcm91cHM/YXBpLXZlcnNpb249MjAxOC0wNy0wMQ==",
      "RequestMethod": "GET",
      "RequestBody": "",
      "RequestHeaders": {
        "x-ms-client-request-id": [
          "2ef7801b-348d-48b1-9225-bd745621539a"
        ],
        "accept-language": [
          "en-US"
        ],
        "User-Agent": [
          "FxVersion/4.7.3221.0",
          "OSName/WindowsServer2016Datacenter",
          "OSVersion/6.3.14393",
          "Microsoft.Azure.Management.StorageSync.StorageSyncManagementClient/2.0.0"
        ]
      },
      "ResponseBody": "{\r\n  \"value\": [\r\n    {\r\n      \"properties\": {\r\n        \"syncGroupStatus\": 0,\r\n        \"uniqueId\": \"851b96ed-e079-4b1f-a301-259034008245\"\r\n      },\r\n      \"id\": \"/subscriptions/1d16f9b3-bbe3-48d4-930a-27a74dca003b/resourceGroups/pstestrg5253/providers/microsoft.storagesync/storageSyncServices/pstestrg9596/syncGroups/pstestrg254\",\r\n      \"name\": \"pstestrg254\",\r\n      \"type\": \"microsoft.storagesync/storageSyncServices/syncGroups\"\r\n    }\r\n  ]\r\n}",
      "ResponseHeaders": {
        "Content-Length": [
          "356"
        ],
        "Content-Type": [
          "application/json; charset=utf-8"
        ],
        "Expires": [
          "-1"
        ],
        "Pragma": [
          "no-cache"
        ],
        "x-ms-request-id": [
          "1fa59e7e-da44-476e-807c-3a56e4605b89"
        ],
        "X-Content-Type-Options": [
          "nosniff"
        ],
        "Strict-Transport-Security": [
          "max-age=31536000; includeSubDomains"
        ],
        "x-ms-ratelimit-remaining-subscription-reads": [
          "11999"
        ],
        "x-ms-correlation-request-id": [
          "627ee804-e65e-4fe7-ab10-4adff542bfb7"
        ],
        "x-ms-routing-request-id": [
          "WESTUS2:20181024T180814Z:627ee804-e65e-4fe7-ab10-4adff542bfb7"
        ],
        "Cache-Control": [
          "no-cache"
        ],
        "Date": [
          "Wed, 24 Oct 2018 18:08:13 GMT"
        ],
        "Server": [
          "Microsoft-IIS/10.0"
        ],
        "X-AspNet-Version": [
          "4.0.30319"
        ],
        "X-Powered-By": [
          "ASP.NET"
        ]
      },
      "StatusCode": 200
    },
    {
      "RequestUri": "/subscriptions/1d16f9b3-bbe3-48d4-930a-27a74dca003b/resourceGroups/pstestrg5253/providers/Microsoft.StorageSync/storageSyncServices/pstestrg9596/syncGroups/pstestrg254?api-version=2018-07-01",
      "EncodedRequestUri": "L3N1YnNjcmlwdGlvbnMvMWQxNmY5YjMtYmJlMy00OGQ0LTkzMGEtMjdhNzRkY2EwMDNiL3Jlc291cmNlR3JvdXBzL3BzdGVzdHJnNTI1My9wcm92aWRlcnMvTWljcm9zb2Z0LlN0b3JhZ2VTeW5jL3N0b3JhZ2VTeW5jU2VydmljZXMvcHN0ZXN0cmc5NTk2L3N5bmNHcm91cHMvcHN0ZXN0cmcyNTQ/YXBpLXZlcnNpb249MjAxOC0wNy0wMQ==",
      "RequestMethod": "DELETE",
      "RequestBody": "",
      "RequestHeaders": {
        "x-ms-client-request-id": [
          "05a53def-a31f-4e22-bcbc-34272fde445a"
        ],
        "accept-language": [
          "en-US"
        ],
        "User-Agent": [
          "FxVersion/4.7.3221.0",
          "OSName/WindowsServer2016Datacenter",
          "OSVersion/6.3.14393",
          "Microsoft.Azure.Management.StorageSync.StorageSyncManagementClient/2.0.0"
        ]
      },
      "ResponseBody": "",
      "ResponseHeaders": {
        "Content-Length": [
          "0"
        ],
        "Expires": [
          "-1"
        ],
        "Pragma": [
          "no-cache"
        ],
        "x-ms-request-id": [
          "97b1dd44-7e78-4d15-931b-b42fe6e673d9"
        ],
        "X-Content-Type-Options": [
          "nosniff"
        ],
        "Strict-Transport-Security": [
          "max-age=31536000; includeSubDomains"
        ],
        "x-ms-ratelimit-remaining-subscription-deletes": [
          "14999"
        ],
        "x-ms-correlation-request-id": [
          "86d0fd30-33ea-4e0e-98ee-96e0aa72a2fc"
        ],
        "x-ms-routing-request-id": [
          "WESTUS2:20181024T180815Z:86d0fd30-33ea-4e0e-98ee-96e0aa72a2fc"
        ],
        "Cache-Control": [
          "no-cache"
        ],
        "Date": [
          "Wed, 24 Oct 2018 18:08:14 GMT"
        ],
        "Server": [
          "Microsoft-IIS/10.0"
        ],
        "X-AspNet-Version": [
          "4.0.30319"
        ],
        "X-Powered-By": [
          "ASP.NET"
        ]
      },
      "StatusCode": 200
    },
    {
      "RequestUri": "/subscriptions/1d16f9b3-bbe3-48d4-930a-27a74dca003b/resourceGroups/pstestrg5253/providers/Microsoft.StorageSync/storageSyncServices/pstestrg9596?api-version=2018-07-01",
      "EncodedRequestUri": "L3N1YnNjcmlwdGlvbnMvMWQxNmY5YjMtYmJlMy00OGQ0LTkzMGEtMjdhNzRkY2EwMDNiL3Jlc291cmNlR3JvdXBzL3BzdGVzdHJnNTI1My9wcm92aWRlcnMvTWljcm9zb2Z0LlN0b3JhZ2VTeW5jL3N0b3JhZ2VTeW5jU2VydmljZXMvcHN0ZXN0cmc5NTk2P2FwaS12ZXJzaW9uPTIwMTgtMDctMDE=",
      "RequestMethod": "DELETE",
      "RequestBody": "",
      "RequestHeaders": {
        "x-ms-client-request-id": [
          "9b99dce8-6ce1-4276-8d3b-341efeda8e1e"
        ],
        "accept-language": [
          "en-US"
        ],
        "User-Agent": [
          "FxVersion/4.7.3221.0",
          "OSName/WindowsServer2016Datacenter",
          "OSVersion/6.3.14393",
          "Microsoft.Azure.Management.StorageSync.StorageSyncManagementClient/2.0.0"
        ]
      },
      "ResponseBody": "",
      "ResponseHeaders": {
        "Content-Length": [
          "0"
        ],
        "Expires": [
          "-1"
        ],
        "Pragma": [
          "no-cache"
        ],
        "x-ms-request-id": [
          "5e7fde83-94dc-41c3-a197-c4020050f629"
        ],
        "X-Content-Type-Options": [
          "nosniff"
        ],
        "Strict-Transport-Security": [
          "max-age=31536000; includeSubDomains"
        ],
        "x-ms-ratelimit-remaining-subscription-deletes": [
          "14998"
        ],
        "x-ms-correlation-request-id": [
          "54bc7f34-7a32-49ca-b3ae-c2c45e56a7aa"
        ],
        "x-ms-routing-request-id": [
          "WESTUS2:20181024T180815Z:54bc7f34-7a32-49ca-b3ae-c2c45e56a7aa"
        ],
        "Cache-Control": [
          "no-cache"
        ],
        "Date": [
          "Wed, 24 Oct 2018 18:08:15 GMT"
        ],
        "Server": [
          "Microsoft-IIS/10.0"
        ],
        "X-AspNet-Version": [
          "4.0.30319"
        ],
        "X-Powered-By": [
          "ASP.NET"
        ]
      },
      "StatusCode": 200
    },
    {
      "RequestUri": "/subscriptions/1d16f9b3-bbe3-48d4-930a-27a74dca003b/resourcegroups/pstestrg5253?api-version=2016-09-01",
      "EncodedRequestUri": "L3N1YnNjcmlwdGlvbnMvMWQxNmY5YjMtYmJlMy00OGQ0LTkzMGEtMjdhNzRkY2EwMDNiL3Jlc291cmNlZ3JvdXBzL3BzdGVzdHJnNTI1Mz9hcGktdmVyc2lvbj0yMDE2LTA5LTAx",
      "RequestMethod": "DELETE",
      "RequestBody": "",
      "RequestHeaders": {
        "x-ms-client-request-id": [
          "8c88d8ef-ca2f-42d7-93db-9aa013bf3624"
        ],
        "accept-language": [
          "en-US"
        ],
        "User-Agent": [
          "FxVersion/4.7.3221.0",
          "OSName/WindowsServer2016Datacenter",
          "OSVersion/6.3.14393",
          "Microsoft.Azure.Management.Internal.Resources.ResourceManagementClient/4.1.0"
        ]
      },
      "ResponseBody": "",
      "ResponseHeaders": {
        "Content-Length": [
          "0"
        ],
        "Expires": [
          "-1"
        ],
        "Pragma": [
          "no-cache"
        ],
        "Retry-After": [
          "15"
        ],
        "x-ms-ratelimit-remaining-subscription-deletes": [
          "14997"
        ],
        "x-ms-request-id": [
          "8a890161-825c-4177-929d-a5acb92cac87"
        ],
        "x-ms-correlation-request-id": [
          "8a890161-825c-4177-929d-a5acb92cac87"
        ],
        "x-ms-routing-request-id": [
          "WESTUS2:20181024T180816Z:8a890161-825c-4177-929d-a5acb92cac87"
        ],
        "Strict-Transport-Security": [
          "max-age=31536000; includeSubDomains"
        ],
        "X-Content-Type-Options": [
          "nosniff"
        ],
        "Cache-Control": [
          "no-cache"
        ],
        "Date": [
          "Wed, 24 Oct 2018 18:08:15 GMT"
        ],
        "Location": [
          "https://management.azure.com/subscriptions/1d16f9b3-bbe3-48d4-930a-27a74dca003b/operationresults/eyJqb2JJZCI6IlJFU09VUkNFR1JPVVBERUxFVElPTkpPQi1QU1RFU1RSRzUyNTMtV0VTVENFTlRSQUxVUyIsImpvYkxvY2F0aW9uIjoid2VzdGNlbnRyYWx1cyJ9?api-version=2016-09-01"
        ]
      },
      "StatusCode": 202
    },
    {
      "RequestUri": "/subscriptions/1d16f9b3-bbe3-48d4-930a-27a74dca003b/operationresults/eyJqb2JJZCI6IlJFU09VUkNFR1JPVVBERUxFVElPTkpPQi1QU1RFU1RSRzUyNTMtV0VTVENFTlRSQUxVUyIsImpvYkxvY2F0aW9uIjoid2VzdGNlbnRyYWx1cyJ9?api-version=2016-09-01",
      "EncodedRequestUri": "L3N1YnNjcmlwdGlvbnMvMWQxNmY5YjMtYmJlMy00OGQ0LTkzMGEtMjdhNzRkY2EwMDNiL29wZXJhdGlvbnJlc3VsdHMvZXlKcWIySkpaQ0k2SWxKRlUwOVZVa05GUjFKUFZWQkVSVXhGVkVsUFRrcFBRaTFRVTFSRlUxUlNSelV5TlRNdFYwVlRWRU5GVGxSU1FVeFZVeUlzSW1wdllreHZZMkYwYVc5dUlqb2lkMlZ6ZEdObGJuUnlZV3gxY3lKOT9hcGktdmVyc2lvbj0yMDE2LTA5LTAx",
      "RequestMethod": "GET",
      "RequestBody": "",
      "RequestHeaders": {
        "User-Agent": [
          "FxVersion/4.7.3221.0",
          "OSName/WindowsServer2016Datacenter",
          "OSVersion/6.3.14393",
          "Microsoft.Azure.Management.Internal.Resources.ResourceManagementClient/4.1.0"
        ]
      },
      "ResponseBody": "",
      "ResponseHeaders": {
        "Content-Length": [
          "0"
        ],
        "Expires": [
          "-1"
        ],
        "Pragma": [
          "no-cache"
        ],
        "Retry-After": [
          "15"
        ],
        "x-ms-ratelimit-remaining-subscription-reads": [
          "11998"
        ],
        "x-ms-request-id": [
          "da3c9186-d24a-44a5-8593-3314f5f013d4"
        ],
        "x-ms-correlation-request-id": [
          "da3c9186-d24a-44a5-8593-3314f5f013d4"
        ],
        "x-ms-routing-request-id": [
          "WESTUS2:20181024T180831Z:da3c9186-d24a-44a5-8593-3314f5f013d4"
        ],
        "Strict-Transport-Security": [
          "max-age=31536000; includeSubDomains"
        ],
        "X-Content-Type-Options": [
          "nosniff"
        ],
        "Cache-Control": [
          "no-cache"
        ],
        "Date": [
          "Wed, 24 Oct 2018 18:08:31 GMT"
        ],
        "Location": [
          "https://management.azure.com/subscriptions/1d16f9b3-bbe3-48d4-930a-27a74dca003b/operationresults/eyJqb2JJZCI6IlJFU09VUkNFR1JPVVBERUxFVElPTkpPQi1QU1RFU1RSRzUyNTMtV0VTVENFTlRSQUxVUyIsImpvYkxvY2F0aW9uIjoid2VzdGNlbnRyYWx1cyJ9?api-version=2016-09-01"
        ]
      },
      "StatusCode": 202
    },
    {
      "RequestUri": "/subscriptions/1d16f9b3-bbe3-48d4-930a-27a74dca003b/operationresults/eyJqb2JJZCI6IlJFU09VUkNFR1JPVVBERUxFVElPTkpPQi1QU1RFU1RSRzUyNTMtV0VTVENFTlRSQUxVUyIsImpvYkxvY2F0aW9uIjoid2VzdGNlbnRyYWx1cyJ9?api-version=2016-09-01",
      "EncodedRequestUri": "L3N1YnNjcmlwdGlvbnMvMWQxNmY5YjMtYmJlMy00OGQ0LTkzMGEtMjdhNzRkY2EwMDNiL29wZXJhdGlvbnJlc3VsdHMvZXlKcWIySkpaQ0k2SWxKRlUwOVZVa05GUjFKUFZWQkVSVXhGVkVsUFRrcFBRaTFRVTFSRlUxUlNSelV5TlRNdFYwVlRWRU5GVGxSU1FVeFZVeUlzSW1wdllreHZZMkYwYVc5dUlqb2lkMlZ6ZEdObGJuUnlZV3gxY3lKOT9hcGktdmVyc2lvbj0yMDE2LTA5LTAx",
      "RequestMethod": "GET",
      "RequestBody": "",
      "RequestHeaders": {
        "User-Agent": [
          "FxVersion/4.7.3221.0",
          "OSName/WindowsServer2016Datacenter",
          "OSVersion/6.3.14393",
          "Microsoft.Azure.Management.Internal.Resources.ResourceManagementClient/4.1.0"
        ]
      },
      "ResponseBody": "",
      "ResponseHeaders": {
        "Content-Length": [
          "0"
        ],
        "Expires": [
          "-1"
        ],
        "Pragma": [
          "no-cache"
        ],
        "Retry-After": [
          "15"
        ],
        "x-ms-ratelimit-remaining-subscription-reads": [
          "11997"
        ],
        "x-ms-request-id": [
          "cb53fdd2-58b6-4b36-90a6-3ab867e179a9"
        ],
        "x-ms-correlation-request-id": [
          "cb53fdd2-58b6-4b36-90a6-3ab867e179a9"
        ],
        "x-ms-routing-request-id": [
          "WESTUS2:20181024T180846Z:cb53fdd2-58b6-4b36-90a6-3ab867e179a9"
        ],
        "Strict-Transport-Security": [
          "max-age=31536000; includeSubDomains"
        ],
        "X-Content-Type-Options": [
          "nosniff"
        ],
        "Cache-Control": [
          "no-cache"
        ],
        "Date": [
          "Wed, 24 Oct 2018 18:08:46 GMT"
        ],
        "Location": [
          "https://management.azure.com/subscriptions/1d16f9b3-bbe3-48d4-930a-27a74dca003b/operationresults/eyJqb2JJZCI6IlJFU09VUkNFR1JPVVBERUxFVElPTkpPQi1QU1RFU1RSRzUyNTMtV0VTVENFTlRSQUxVUyIsImpvYkxvY2F0aW9uIjoid2VzdGNlbnRyYWx1cyJ9?api-version=2016-09-01"
        ]
      },
      "StatusCode": 202
    },
    {
      "RequestUri": "/subscriptions/1d16f9b3-bbe3-48d4-930a-27a74dca003b/operationresults/eyJqb2JJZCI6IlJFU09VUkNFR1JPVVBERUxFVElPTkpPQi1QU1RFU1RSRzUyNTMtV0VTVENFTlRSQUxVUyIsImpvYkxvY2F0aW9uIjoid2VzdGNlbnRyYWx1cyJ9?api-version=2016-09-01",
      "EncodedRequestUri": "L3N1YnNjcmlwdGlvbnMvMWQxNmY5YjMtYmJlMy00OGQ0LTkzMGEtMjdhNzRkY2EwMDNiL29wZXJhdGlvbnJlc3VsdHMvZXlKcWIySkpaQ0k2SWxKRlUwOVZVa05GUjFKUFZWQkVSVXhGVkVsUFRrcFBRaTFRVTFSRlUxUlNSelV5TlRNdFYwVlRWRU5GVGxSU1FVeFZVeUlzSW1wdllreHZZMkYwYVc5dUlqb2lkMlZ6ZEdObGJuUnlZV3gxY3lKOT9hcGktdmVyc2lvbj0yMDE2LTA5LTAx",
      "RequestMethod": "GET",
      "RequestBody": "",
      "RequestHeaders": {
        "User-Agent": [
          "FxVersion/4.7.3221.0",
          "OSName/WindowsServer2016Datacenter",
          "OSVersion/6.3.14393",
          "Microsoft.Azure.Management.Internal.Resources.ResourceManagementClient/4.1.0"
        ]
      },
      "ResponseBody": "",
      "ResponseHeaders": {
        "Content-Length": [
          "0"
        ],
        "Expires": [
          "-1"
        ],
        "Pragma": [
          "no-cache"
        ],
        "x-ms-ratelimit-remaining-subscription-reads": [
          "11996"
        ],
        "x-ms-request-id": [
          "3ad0072d-7fce-4cd1-8cd6-2c610f40845e"
        ],
        "x-ms-correlation-request-id": [
          "3ad0072d-7fce-4cd1-8cd6-2c610f40845e"
        ],
        "x-ms-routing-request-id": [
          "WESTUS2:20181024T180901Z:3ad0072d-7fce-4cd1-8cd6-2c610f40845e"
        ],
        "Strict-Transport-Security": [
          "max-age=31536000; includeSubDomains"
        ],
        "X-Content-Type-Options": [
          "nosniff"
        ],
        "Cache-Control": [
          "no-cache"
        ],
        "Date": [
          "Wed, 24 Oct 2018 18:09:00 GMT"
        ]
      },
      "StatusCode": 200
    },
    {
      "RequestUri": "/subscriptions/1d16f9b3-bbe3-48d4-930a-27a74dca003b/operationresults/eyJqb2JJZCI6IlJFU09VUkNFR1JPVVBERUxFVElPTkpPQi1QU1RFU1RSRzUyNTMtV0VTVENFTlRSQUxVUyIsImpvYkxvY2F0aW9uIjoid2VzdGNlbnRyYWx1cyJ9?api-version=2016-09-01",
      "EncodedRequestUri": "L3N1YnNjcmlwdGlvbnMvMWQxNmY5YjMtYmJlMy00OGQ0LTkzMGEtMjdhNzRkY2EwMDNiL29wZXJhdGlvbnJlc3VsdHMvZXlKcWIySkpaQ0k2SWxKRlUwOVZVa05GUjFKUFZWQkVSVXhGVkVsUFRrcFBRaTFRVTFSRlUxUlNSelV5TlRNdFYwVlRWRU5GVGxSU1FVeFZVeUlzSW1wdllreHZZMkYwYVc5dUlqb2lkMlZ6ZEdObGJuUnlZV3gxY3lKOT9hcGktdmVyc2lvbj0yMDE2LTA5LTAx",
      "RequestMethod": "GET",
      "RequestBody": "",
      "RequestHeaders": {
        "User-Agent": [
          "FxVersion/4.7.3221.0",
          "OSName/WindowsServer2016Datacenter",
          "OSVersion/6.3.14393",
          "Microsoft.Azure.Management.Internal.Resources.ResourceManagementClient/4.1.0"
        ]
      },
      "ResponseBody": "",
      "ResponseHeaders": {
        "Content-Length": [
          "0"
        ],
        "Expires": [
          "-1"
        ],
        "Pragma": [
          "no-cache"
        ],
        "x-ms-ratelimit-remaining-subscription-reads": [
          "11995"
        ],
        "x-ms-request-id": [
          "2b769745-0f49-496e-a704-36b081d2d7dd"
        ],
        "x-ms-correlation-request-id": [
          "2b769745-0f49-496e-a704-36b081d2d7dd"
        ],
        "x-ms-routing-request-id": [
          "WESTUS2:20181024T180901Z:2b769745-0f49-496e-a704-36b081d2d7dd"
        ],
        "Strict-Transport-Security": [
          "max-age=31536000; includeSubDomains"
        ],
        "X-Content-Type-Options": [
          "nosniff"
        ],
        "Cache-Control": [
          "no-cache"
        ],
        "Date": [
          "Wed, 24 Oct 2018 18:09:01 GMT"
        ]
      },
      "StatusCode": 200
    }
  ],
  "Names": {
    "Test-GetSyncGroups": [
      "pstestrg5253",
      "pstestrg9596",
      "pstestrg254"
    ]
  },
  "Variables": {
    "SubscriptionId": "1d16f9b3-bbe3-48d4-930a-27a74dca003b"
  }
}