{
  "Entries": [
    {
      "RequestUri": "//subscriptions/4004a9fd-d58e-48dc-aeb2-4a4aec58606f/providers/Microsoft.Authorization/roleDefinitions?$filter=roleName%20eq%20'aaaaaaaa-aaaa-aaaa-aaaa-aaaaaaaaaaaa'&api-version=2018-01-01-preview",
      "EncodedRequestUri": "Ly9zdWJzY3JpcHRpb25zLzQwMDRhOWZkLWQ1OGUtNDhkYy1hZWIyLTRhNGFlYzU4NjA2Zi9wcm92aWRlcnMvTWljcm9zb2Z0LkF1dGhvcml6YXRpb24vcm9sZURlZmluaXRpb25zPyRmaWx0ZXI9cm9sZU5hbWUlMjBlcSUyMCdhYWFhYWFhYS1hYWFhLWFhYWEtYWFhYS1hYWFhYWFhYWFhYWEnJmFwaS12ZXJzaW9uPTIwMTgtMDEtMDEtcHJldmlldw==",
      "RequestMethod": "GET",
      "RequestBody": "",
      "RequestHeaders": {
        "x-ms-client-request-id": [
          "5076eaaf-60c3-49a8-a548-29203f233f8b"
        ],
        "accept-language": [
          "en-US"
        ],
        "User-Agent": [
          "FxVersion/4.7.2633.0",
          "OSName/Windows10Enterprise",
          "OSVersion/6.3.16299",
          "Microsoft.Azure.Management.Authorization.AuthorizationManagementClient/2.7.0.0"
        ]
      },
      "ResponseBody": "{\r\n  \"value\": []\r\n}",
      "ResponseHeaders": {
        "Content-Length": [
          "12"
        ],
        "Content-Type": [
          "application/json; charset=utf-8"
        ],
        "Expires": [
          "-1"
        ],
        "Pragma": [
          "no-cache"
        ],
        "x-ms-request-charge": [
          "1"
        ],
        "x-ms-request-id": [
          "bdb9a60d-0252-4761-802d-d0552d770a3d"
        ],
        "X-Content-Type-Options": [
          "nosniff"
        ],
        "Strict-Transport-Security": [
          "max-age=31536000; includeSubDomains"
        ],
        "x-ms-ratelimit-remaining-subscription-reads": [
          "14994"
        ],
        "x-ms-correlation-request-id": [
          "b1c6b82c-5b02-43ab-b651-87db10326e1c"
        ],
        "x-ms-routing-request-id": [
          "WESTUS2:20180307T214510Z:b1c6b82c-5b02-43ab-b651-87db10326e1c"
        ],
        "Cache-Control": [
          "no-cache"
        ],
        "Date": [
          "Wed, 07 Mar 2018 21:45:09 GMT"
        ],
        "Set-Cookie": [
          "x-ms-gateway-slice=productionb; path=/; secure; HttpOnly"
        ],
        "Server": [
          "Microsoft-IIS/10.0"
        ],
        "X-Powered-By": [
          "ASP.NET"
        ],
        "Retry-After": [
          "0"
        ]
      },
      "StatusCode": 200
    },
    {
      "RequestUri": "//subscriptions/4004a9fd-d58e-48dc-aeb2-4a4aec58606f/providers/Microsoft.Authorization/roleDefinitions/85e460b3-89e9-48ba-9dcd-a8a99d64a674?api-version=2018-01-01-preview",
      "EncodedRequestUri": "Ly9zdWJzY3JpcHRpb25zLzQwMDRhOWZkLWQ1OGUtNDhkYy1hZWIyLTRhNGFlYzU4NjA2Zi9wcm92aWRlcnMvTWljcm9zb2Z0LkF1dGhvcml6YXRpb24vcm9sZURlZmluaXRpb25zLzg1ZTQ2MGIzLTg5ZTktNDhiYS05ZGNkLWE4YTk5ZDY0YTY3ND9hcGktdmVyc2lvbj0yMDE4LTAxLTAxLXByZXZpZXc=",
      "RequestMethod": "GET",
      "RequestBody": "",
      "RequestHeaders": {
        "x-ms-client-request-id": [
          "4fe18c69-84a0-4d13-b18d-3103f5dbee10"
        ],
        "accept-language": [
          "en-US"
        ],
        "User-Agent": [
          "FxVersion/4.7.2633.0",
          "OSName/Windows10Enterprise",
          "OSVersion/6.3.16299",
          "Microsoft.Azure.Management.Authorization.AuthorizationManagementClient/2.7.0.0"
        ]
      },
      "ResponseBody": "{\r\n  \"error\": {\r\n    \"code\": \"RoleDefinitionDoesNotExist\",\r\n    \"message\": \"The specified role definition with ID '85e460b3-89e9-48ba-9dcd-a8a99d64a674' does not exist.\"\r\n  }\r\n}",
      "ResponseHeaders": {
        "Content-Length": [
          "152"
        ],
        "Content-Type": [
          "application/json; charset=utf-8"
        ],
        "Expires": [
          "-1"
        ],
        "Pragma": [
          "no-cache"
        ],
        "x-ms-request-id": [
          "f9b399fc-67ff-452d-a7a1-f39cacada47d"
        ],
        "X-Content-Type-Options": [
          "nosniff"
        ],
        "Strict-Transport-Security": [
          "max-age=31536000; includeSubDomains"
        ],
        "x-ms-ratelimit-remaining-subscription-reads": [
          "14993"
        ],
        "x-ms-correlation-request-id": [
          "e5a993af-a920-4f30-9eb3-55c0068f0af7"
        ],
        "x-ms-routing-request-id": [
          "WESTUS2:20180307T214510Z:e5a993af-a920-4f30-9eb3-55c0068f0af7"
        ],
        "Cache-Control": [
          "no-cache"
        ],
        "Date": [
          "Wed, 07 Mar 2018 21:45:09 GMT"
        ],
        "Set-Cookie": [
          "x-ms-gateway-slice=productionb; path=/; secure; HttpOnly"
        ],
        "Server": [
          "Microsoft-IIS/10.0"
        ],
        "X-Powered-By": [
          "ASP.NET"
        ],
        "Retry-After": [
          "0"
        ]
      },
      "StatusCode": 404
    },
    {
      "RequestUri": "//subscriptions/4004a9fd-d58e-48dc-aeb2-4a4aec58606f/providers/Microsoft.Authorization/roleDefinitions/85e460b3-89e9-48ba-9dcd-a8a99d64a674?api-version=2018-01-01-preview",
      "EncodedRequestUri": "Ly9zdWJzY3JpcHRpb25zLzQwMDRhOWZkLWQ1OGUtNDhkYy1hZWIyLTRhNGFlYzU4NjA2Zi9wcm92aWRlcnMvTWljcm9zb2Z0LkF1dGhvcml6YXRpb24vcm9sZURlZmluaXRpb25zLzg1ZTQ2MGIzLTg5ZTktNDhiYS05ZGNkLWE4YTk5ZDY0YTY3ND9hcGktdmVyc2lvbj0yMDE4LTAxLTAxLXByZXZpZXc=",
      "RequestMethod": "GET",
      "RequestBody": "",
      "RequestHeaders": {
        "x-ms-client-request-id": [
          "661c295e-97c1-432b-ba0e-660b2fffdc19"
        ],
        "accept-language": [
          "en-US"
        ],
        "User-Agent": [
          "FxVersion/4.7.2633.0",
          "OSName/Windows10Enterprise",
          "OSVersion/6.3.16299",
          "Microsoft.Azure.Management.Authorization.AuthorizationManagementClient/2.7.0.0"
        ]
      },
      "ResponseBody": "{\r\n  \"error\": {\r\n    \"code\": \"RoleDefinitionDoesNotExist\",\r\n    \"message\": \"The specified role definition with ID '85e460b3-89e9-48ba-9dcd-a8a99d64a674' does not exist.\"\r\n  }\r\n}",
      "ResponseHeaders": {
        "Content-Length": [
          "152"
        ],
        "Content-Type": [
          "application/json; charset=utf-8"
        ],
        "Expires": [
          "-1"
        ],
        "Pragma": [
          "no-cache"
        ],
        "x-ms-request-id": [
          "ccf1c86f-a1bd-4107-8d2e-a9cfd72d1cc3"
        ],
        "X-Content-Type-Options": [
          "nosniff"
        ],
        "Strict-Transport-Security": [
          "max-age=31536000; includeSubDomains"
        ],
        "x-ms-ratelimit-remaining-subscription-reads": [
          "14991"
        ],
        "x-ms-correlation-request-id": [
          "9c5c0a85-1887-47da-929a-f15d4e7081dd"
        ],
        "x-ms-routing-request-id": [
          "WESTUS2:20180307T214510Z:9c5c0a85-1887-47da-929a-f15d4e7081dd"
        ],
        "Cache-Control": [
          "no-cache"
        ],
        "Date": [
          "Wed, 07 Mar 2018 21:45:10 GMT"
        ],
        "Set-Cookie": [
          "x-ms-gateway-slice=productionb; path=/; secure; HttpOnly"
        ],
        "Server": [
          "Microsoft-IIS/10.0"
        ],
        "X-Powered-By": [
          "ASP.NET"
        ],
        "Retry-After": [
          "0"
        ]
      },
      "StatusCode": 404
    },
    {
      "RequestUri": "//subscriptions/4004a9fd-d58e-48dc-aeb2-4a4aec58606f/ResourceGroups/rbactest/providers/Microsoft.Authorization/roleDefinitions/85e460b3-89e9-48ba-9dcd-a8a99d64a674?api-version=2018-01-01-preview",
      "EncodedRequestUri": "Ly9zdWJzY3JpcHRpb25zLzQwMDRhOWZkLWQ1OGUtNDhkYy1hZWIyLTRhNGFlYzU4NjA2Zi9SZXNvdXJjZUdyb3Vwcy9yYmFjdGVzdC9wcm92aWRlcnMvTWljcm9zb2Z0LkF1dGhvcml6YXRpb24vcm9sZURlZmluaXRpb25zLzg1ZTQ2MGIzLTg5ZTktNDhiYS05ZGNkLWE4YTk5ZDY0YTY3ND9hcGktdmVyc2lvbj0yMDE4LTAxLTAxLXByZXZpZXc=",
      "RequestMethod": "GET",
      "RequestBody": "",
      "RequestHeaders": {
        "x-ms-client-request-id": [
          "61e76fc4-73dc-4f75-bae2-10aa5824c00f"
        ],
        "accept-language": [
          "en-US"
        ],
        "User-Agent": [
          "FxVersion/4.7.2633.0",
          "OSName/Windows10Enterprise",
          "OSVersion/6.3.16299",
          "Microsoft.Azure.Management.Authorization.AuthorizationManagementClient/2.7.0.0"
        ]
      },
      "ResponseBody": "{\r\n  \"error\": {\r\n    \"code\": \"RoleDefinitionDoesNotExist\",\r\n    \"message\": \"The specified role definition with ID '85e460b3-89e9-48ba-9dcd-a8a99d64a674' does not exist.\"\r\n  }\r\n}",
      "ResponseHeaders": {
        "Content-Length": [
          "152"
        ],
        "Content-Type": [
          "application/json; charset=utf-8"
        ],
        "Expires": [
          "-1"
        ],
        "Pragma": [
          "no-cache"
        ],
        "x-ms-request-id": [
          "dced7ada-94e3-4ae1-a440-932e465c1ef5"
        ],
        "X-Content-Type-Options": [
          "nosniff"
        ],
        "Strict-Transport-Security": [
          "max-age=31536000; includeSubDomains"
        ],
        "x-ms-ratelimit-remaining-subscription-reads": [
          "14992"
        ],
        "x-ms-correlation-request-id": [
          "00edc6ab-553b-413e-be77-83fcfda3f9d5"
        ],
        "x-ms-routing-request-id": [
          "WESTUS2:20180307T214510Z:00edc6ab-553b-413e-be77-83fcfda3f9d5"
        ],
        "Cache-Control": [
          "no-cache"
        ],
        "Date": [
          "Wed, 07 Mar 2018 21:45:10 GMT"
        ],
        "Set-Cookie": [
          "x-ms-gateway-slice=productionb; path=/; secure; HttpOnly"
        ],
        "Server": [
          "Microsoft-IIS/10.0"
        ],
        "X-Powered-By": [
          "ASP.NET"
        ],
        "Retry-After": [
          "0"
        ]
      },
      "StatusCode": 404
    }
  ],
  "Names": {},
  "Variables": {
    "SubscriptionId": "4004a9fd-d58e-48dc-aeb2-4a4aec58606f",
    "TenantId": "1273adef-00a3-4086-a51a-dbcce1857d36",
    "Domain": "rbacclitest.onmicrosoft.com"
  }
}